]0;~/Library/Mobile Documents/com~apple~CloudDocs/Website[?1034hChristophers-MacBook-Pro:Website christophervandusen$ [KChristophers-MacBook-Pro:Website christophervandusen$ git add -A
]0;~/Library/Mobile Documents/com~apple~CloudDocs/WebsiteChristophers-MacBook-Pro:Website christophervandusen$ git status
On branch master
Your branch and 'origin/master' have diverged,
and have 2 and 2 different commits each, respectively.
  (use "git pull" to merge the remote branch into yours)
All conflicts fixed but you are still merging.
  (use "git commit" to conclude merge)

Changes to be committed:

	[32mrenamed:    .Rproj.user/9E0BCE2D/console06/3136F092 -> .Rproj.user/9E0BCE2D/console06/63AC01D7[m
	[32mmodified:   .Rproj.user/9E0BCE2D/console06/INDEX001[m

Changes not staged for commit:
  (use "git add <file>..." to update what will be committed)
  (use "git checkout -- <file>..." to discard changes in working directory)

	[31mmodified:   .Rproj.user/9E0BCE2D/console06/63AC01D7[m

]0;~/Library/Mobile Documents/com~apple~CloudDocs/WebsiteChristophers-MacBook-Pro:Website christophervandusen$ get commit[K[K[K[K[K[K[K[K[Kit commit -m"[K "profile"
[master 6aecfb0] profile
]0;~/Library/Mobile Documents/com~apple~CloudDocs/WebsiteChristophers-MacBook-Pro:Website christophervandusen$ git push
Counting objects: 39, done.
Delta compression using up to 4 threads.
Compressing objects:   2% (1/37)   Compressing objects:   5% (2/37)   Compressing objects:   8% (3/37)   Compressing objects:  10% (4/37)   Compressing objects:  13% (5/37)   Compressing objects:  16% (6/37)   Compressing objects:  18% (7/37)   Compressing objects:  21% (8/37)   Compressing objects:  24% (9/37)   Compressing objects:  27% (10/37)   Compressing objects:  29% (11/37)   Compressing objects:  32% (12/37)   Compressing objects:  35% (13/37)   Compressing objects:  37% (14/37)   Compressing objects:  40% (15/37)   Compressing objects:  43% (16/37)   Compressing objects:  45% (17/37)   Compressing objects:  48% (18/37)   Compressing objects:  51% (19/37)   Compressing objects:  54% (20/37)   Compressing objects:  56% (21/37)   Compressing objects:  59% (22/37)   Compressing objects:  62% (23/37)   Compressing objects:  64% (24/37)   Compressing objects:  67% (25/37)   Compressing objects:  70% (26/37)   Compressing objects:  72% (27/37)   Compressing objects:  75% (28/37)   Compressing objects:  78% (29/37)   Compressing objects:  81% (30/37)   Compressing objects:  83% (31/37)   Compressing objects:  86% (32/37)   Compressing objects:  89% (33/37)   Compressing objects:  91% (34/37)   Compressing objects:  94% (35/37)   Compressing objects:  97% (36/37)   Compressing objects: 100% (37/37)   Compressing objects: 100% (37/37), done.
Writing objects:   2% (1/39)   Writing objects:   5% (2/39)   Writing objects:   7% (3/39)   Writing objects:  10% (4/39)   Writing objects:  12% (5/39)   Writing objects:  15% (6/39)   Writing objects:  17% (7/39)   Writing objects:  20% (8/39)   Writing objects:  23% (9/39)   Writing objects:  25% (10/39)   Writing objects:  28% (11/39)   Writing objects:  30% (12/39)   Writing objects:  33% (13/39)   Writing objects:  35% (14/39)   Writing objects:  38% (15/39)   Writing objects:  41% (16/39)   Writing objects:  43% (17/39)   Writing objects:  46% (18/39)   Writing objects:  48% (19/39)   Writing objects:  51% (20/39)   Writing objects:  53% (21/39)   Writing objects:  56% (22/39)   Writing objects:  58% (23/39)   Writing objects:  61% (24/39)   Writing objects:  64% (25/39)   Writing objects:  66% (26/39)   Writing objects:  69% (27/39)   Writing objects:  71% (28/39)   Writing objects:  74% (29/39)   Writing objects:  76% (30/39)   Writing objects:  79% (31/39)   Writing objects:  82% (32/39)   Writing objects:  84% (33/39)   Writing objects:  87% (34/39)   Writing objects:  89% (35/39)   Writing objects:  92% (36/39)   Writing objects:  94% (37/39)   Writing objects:  97% (38/39)   Writing objects: 100% (39/39)   Writing objects: 100% (39/39), 873.50 KiB | 0 bytes/s, done.
Total 39 (delta 13), reused 0 (delta 0)
remote: Resolving deltas:   0% (0/13)   [Kremote: Resolving deltas:   7% (1/13)   [Kremote: Resolving deltas:  30% (4/13)   [Kremote: Resolving deltas:  46% (6/13)   [Kremote: Resolving deltas:  53% (7/13)   [Kremote: Resolving deltas:  61% (8/13)   [Kremote: Resolving deltas:  69% (9/13)   [Kremote: Resolving deltas:  76% (10/13)   [Kremote: Resolving deltas:  84% (11/13)   [Kremote: Resolving deltas:  92% (12/13)   [Kremote: Resolving deltas: 100% (13/13)   [Kremote: Resolving deltas: 100% (13/13), completed with 9 local objects.[K
To https://github.com/Cvanduse/Website-FWD2CV.git
   c5c4cb9..6aecfb0  master -> master
]0;~/Library/Mobile Documents/com~apple~CloudDocs/WebsiteChristophers-MacBook-Pro:Website christophervandusen$ [KChristophers-MacBook-Pro:Website christophervanddusen$ git add -A
